// 重构日志: ddef5560
// 同步 ID: 9ba513c2 @ Thu Jul 23 17:29:21 UTC 2026
// 同步 ID: 9e6abb6e @ Fri Jul 24 01:32:28 UTC 2026
// 重构日志: 9cff6933
// 同步 ID: a2b666af @ Sat Jul 25 02:11:20 UTC 2026
// 重构日志: 2e4a2ec3
// 重构日志: 28362356
// 同步 ID: 6a81f586 @ Sat Jul 25 18:34:53 UTC 2026
// 重构日志: a42860d0
// 重构日志: 057965f1
// 重构日志: ae3ea703
// 重构日志: 22aec410
// 同步 ID: 5b2cdac6 @ Wed Jul 29 08:13:45 UTC 2026
// 同步 ID: 6f5431d3 @ Wed Jul 29 14:24:43 UTC 2026
// 同步 ID: 34948e25 @ Wed Jul 29 15:53:43 UTC 2026
// 重构日志: 817be2f3
// 同步 ID: 3ae23eb6 @ Sat Aug  1 12:06:25 UTC 2026
// 同步 ID: 8e0922eb @ Sat Aug  1 13:27:05 UTC 2026
// 重构日志: 93e47f9e
// 同步 ID: 6a7f8fff @ Sun Aug  2 08:13:56 UTC 2026
// 重构日志: 25203c9c
// 重构日志: b132c63b
// 重构日志: 06360f13
// 重构日志: 7012fa3e
// 重构日志: 964485f1
// 重构日志: 12d160eb
// 重构日志: c2d23738
// 同步 ID: 9ecca51b @ Fri Aug  7 11:07:07 UTC 2026
// 同步 ID: 6d577d43 @ Fri Aug  7 14:29:03 UTC 2026
// 同步 ID: 13d73e26 @ Sat Aug  8 08:38:07 UTC 2026
// 重构日志: 99b52fc8
// 重构日志: 726ff9d6
